../Core/Src/main.c:242:7:map	24	static
../Core/Src/main.c:247:6:HAL_UART_RxCpltCallback	16	static
../Core/Src/main.c:277:6:HAL_TIM_PeriodElapsedCallback	16	static
../Core/Src/main.c:311:6:HAL_ADC_ConvCpltCallback	16	static
../Core/Src/main.c:329:5:main	48	static
../Core/Src/main.c:830:6:SystemClock_Config	88	static
../Core/Src/main.c:877:13:MX_ADC1_Init	24	static
../Core/Src/main.c:929:13:MX_I2C1_Init	8	static
../Core/Src/main.c:963:13:MX_SPI1_Init	8	static
../Core/Src/main.c:1001:13:MX_TIM2_Init	32	static
../Core/Src/main.c:1046:13:MX_TIM6_Init	16	static
../Core/Src/main.c:1084:13:MX_TIM7_Init	16	static
../Core/Src/main.c:1122:13:MX_TIM10_Init	8	static
../Core/Src/main.c:1153:13:MX_TIM11_Init	8	static
../Core/Src/main.c:1184:13:MX_UART4_Init	8	static
../Core/Src/main.c:1217:13:MX_USART2_UART_Init	8	static
../Core/Src/main.c:1250:13:MX_USART3_UART_Init	8	static
../Core/Src/main.c:1283:13:MX_USART6_UART_Init	8	static
../Core/Src/main.c:1316:13:MX_GPIO_Init	48	static
../Core/Src/main.c:1383:9:I2C_Testsensor	16	static
../Core/Src/main.c:1400:6:E220_CONFIG	40	static
../Core/Src/main.c:1439:7:BME280_Get_Altitude	16	static
../Core/Src/main.c:1448:8:user_i2c_read	24	static
../Core/Src/main.c:1456:6:user_delay_ms	16	static
../Core/Src/main.c:1460:8:user_i2c_write	32	static
../Core/Src/main.c:1473:6:union_converter	64	static
../Core/Src/main.c:1560:6:EGU_Buff_Load	4	static
../Core/Src/main.c:1585:6:Buzzer	24	static
../Core/Src/main.c:1600:6:Altitude_Offset	16	static
../Core/Src/main.c:1613:6:Flash_toplu_temizleme	24	static
../Core/Src/main.c:1634:6:Error_Handler	4	static,ignoring_inline_asm
