../Core/Src/main.c:199:7:map	24	static
../Core/Src/main.c:204:6:HAL_UART_RxCpltCallback	16	static
../Core/Src/main.c:234:6:HAL_TIM_PeriodElapsedCallback	16	static
../Core/Src/main.c:263:6:HAL_ADC_ConvCpltCallback	16	static
../Core/Src/main.c:281:5:main	16	static
../Core/Src/main.c:628:6:SystemClock_Config	88	static
../Core/Src/main.c:675:13:MX_ADC1_Init	24	static
../Core/Src/main.c:727:13:MX_I2C1_Init	8	static
../Core/Src/main.c:761:13:MX_SPI1_Init	8	static
../Core/Src/main.c:799:13:MX_TIM6_Init	16	static
../Core/Src/main.c:837:13:MX_TIM7_Init	16	static
../Core/Src/main.c:875:13:MX_TIM10_Init	8	static
../Core/Src/main.c:906:13:MX_TIM11_Init	8	static
../Core/Src/main.c:937:13:MX_UART4_Init	8	static
../Core/Src/main.c:970:13:MX_USART2_UART_Init	8	static
../Core/Src/main.c:1003:13:MX_USART3_UART_Init	8	static
../Core/Src/main.c:1036:13:MX_USART6_UART_Init	8	static
../Core/Src/main.c:1069:13:MX_GPIO_Init	48	static
../Core/Src/main.c:1136:9:I2C_Testsensor	16	static
../Core/Src/main.c:1153:6:E220_CONFIG	40	static
../Core/Src/main.c:1192:7:BME280_Get_Altitude	16	static
../Core/Src/main.c:1201:8:user_i2c_read	24	static
../Core/Src/main.c:1209:6:user_delay_ms	16	static
../Core/Src/main.c:1213:8:user_i2c_write	32	static
../Core/Src/main.c:1226:6:union_converter	64	static
../Core/Src/main.c:1304:6:EGU_Buff_Load	4	static
../Core/Src/main.c:1329:6:Buzzer	24	static
../Core/Src/main.c:1344:6:Altitude_Offset	16	static
../Core/Src/main.c:1357:6:Flash_toplu_temizleme	24	static
../Core/Src/main.c:1372:6:Error_Handler	4	static,ignoring_inline_asm
