../Core/Src/main.c:203:7:map	24	static
../Core/Src/main.c:208:6:HAL_UART_RxCpltCallback	16	static
../Core/Src/main.c:238:6:HAL_TIM_PeriodElapsedCallback	16	static
../Core/Src/main.c:267:6:HAL_ADC_ConvCpltCallback	16	static
../Core/Src/main.c:285:5:main	16	static
../Core/Src/main.c:643:6:SystemClock_Config	88	static
../Core/Src/main.c:690:13:MX_ADC1_Init	24	static
../Core/Src/main.c:742:13:MX_I2C1_Init	8	static
../Core/Src/main.c:776:13:MX_SPI1_Init	8	static
../Core/Src/main.c:814:13:MX_TIM6_Init	16	static
../Core/Src/main.c:852:13:MX_TIM7_Init	16	static
../Core/Src/main.c:890:13:MX_TIM10_Init	8	static
../Core/Src/main.c:921:13:MX_TIM11_Init	8	static
../Core/Src/main.c:952:13:MX_UART4_Init	8	static
../Core/Src/main.c:985:13:MX_USART2_UART_Init	8	static
../Core/Src/main.c:1018:13:MX_USART3_UART_Init	8	static
../Core/Src/main.c:1051:13:MX_USART6_UART_Init	8	static
../Core/Src/main.c:1084:13:MX_GPIO_Init	48	static
../Core/Src/main.c:1151:9:I2C_Testsensor	16	static
../Core/Src/main.c:1168:6:E220_CONFIG	40	static
../Core/Src/main.c:1207:7:BME280_Get_Altitude	16	static
../Core/Src/main.c:1216:8:user_i2c_read	24	static
../Core/Src/main.c:1224:6:user_delay_ms	16	static
../Core/Src/main.c:1228:8:user_i2c_write	32	static
../Core/Src/main.c:1241:6:union_converter	64	static
../Core/Src/main.c:1319:6:EGU_Buff_Load	4	static
../Core/Src/main.c:1344:6:Buzzer	24	static
../Core/Src/main.c:1359:6:Altitude_Offset	16	static
../Core/Src/main.c:1372:6:Flash_toplu_temizleme	24	static
../Core/Src/main.c:1387:6:Error_Handler	4	static,ignoring_inline_asm
