../Core/Src/main.c:206:7:map	24	static
../Core/Src/main.c:211:6:HAL_UART_RxCpltCallback	16	static
../Core/Src/main.c:241:6:HAL_TIM_PeriodElapsedCallback	16	static
../Core/Src/main.c:293:6:HAL_ADC_ConvCpltCallback	16	static
../Core/Src/main.c:311:5:main	16	static
../Core/Src/main.c:680:6:SystemClock_Config	88	static
../Core/Src/main.c:727:13:MX_ADC1_Init	24	static
../Core/Src/main.c:779:13:MX_I2C1_Init	8	static
../Core/Src/main.c:813:13:MX_SPI1_Init	8	static
../Core/Src/main.c:851:13:MX_TIM6_Init	16	static
../Core/Src/main.c:889:13:MX_TIM7_Init	16	static
../Core/Src/main.c:927:13:MX_TIM10_Init	8	static
../Core/Src/main.c:958:13:MX_TIM11_Init	8	static
../Core/Src/main.c:989:13:MX_UART4_Init	8	static
../Core/Src/main.c:1022:13:MX_USART2_UART_Init	8	static
../Core/Src/main.c:1055:13:MX_USART3_UART_Init	8	static
../Core/Src/main.c:1088:13:MX_USART6_UART_Init	8	static
../Core/Src/main.c:1121:13:MX_GPIO_Init	48	static
../Core/Src/main.c:1188:9:I2C_Testsensor	16	static
../Core/Src/main.c:1205:6:E220_CONFIG	40	static
../Core/Src/main.c:1244:7:BME280_Get_Altitude	16	static
../Core/Src/main.c:1253:8:user_i2c_read	24	static
../Core/Src/main.c:1261:6:user_delay_ms	16	static
../Core/Src/main.c:1265:8:user_i2c_write	32	static
../Core/Src/main.c:1278:6:union_converter	64	static
../Core/Src/main.c:1356:6:EGU_Buff_Load	4	static
../Core/Src/main.c:1381:6:Buzzer	24	static
../Core/Src/main.c:1396:6:Altitude_Offset	16	static
../Core/Src/main.c:1409:6:Flash_toplu_temizleme	24	static
../Core/Src/main.c:1424:6:Error_Handler	4	static,ignoring_inline_asm
