../Core/Src/main.c:209:7:map	24	static
../Core/Src/main.c:214:6:HAL_UART_RxCpltCallback	16	static
../Core/Src/main.c:244:6:HAL_TIM_PeriodElapsedCallback	16	static
../Core/Src/main.c:296:6:HAL_ADC_ConvCpltCallback	16	static
../Core/Src/main.c:314:5:main	16	static
../Core/Src/main.c:726:6:SystemClock_Config	88	static
../Core/Src/main.c:773:13:MX_ADC1_Init	24	static
../Core/Src/main.c:825:13:MX_I2C1_Init	8	static
../Core/Src/main.c:859:13:MX_SPI1_Init	8	static
../Core/Src/main.c:897:13:MX_TIM2_Init	32	static
../Core/Src/main.c:942:13:MX_TIM6_Init	16	static
../Core/Src/main.c:980:13:MX_TIM7_Init	16	static
../Core/Src/main.c:1018:13:MX_TIM10_Init	8	static
../Core/Src/main.c:1049:13:MX_TIM11_Init	8	static
../Core/Src/main.c:1080:13:MX_UART4_Init	8	static
../Core/Src/main.c:1113:13:MX_USART2_UART_Init	8	static
../Core/Src/main.c:1146:13:MX_USART3_UART_Init	8	static
../Core/Src/main.c:1179:13:MX_USART6_UART_Init	8	static
../Core/Src/main.c:1212:13:MX_GPIO_Init	48	static
../Core/Src/main.c:1279:9:I2C_Testsensor	16	static
../Core/Src/main.c:1296:6:E220_CONFIG	40	static
../Core/Src/main.c:1335:7:BME280_Get_Altitude	16	static
../Core/Src/main.c:1344:8:user_i2c_read	24	static
../Core/Src/main.c:1352:6:user_delay_ms	16	static
../Core/Src/main.c:1356:8:user_i2c_write	32	static
../Core/Src/main.c:1369:6:union_converter	64	static
../Core/Src/main.c:1447:6:EGU_Buff_Load	4	static
../Core/Src/main.c:1472:6:Buzzer	24	static
../Core/Src/main.c:1487:6:Altitude_Offset	16	static
../Core/Src/main.c:1500:6:Flash_toplu_temizleme	24	static
../Core/Src/main.c:1515:6:Error_Handler	4	static,ignoring_inline_asm
