../Core/Src/main.c:241:7:map	24	static
../Core/Src/main.c:246:6:HAL_UART_RxCpltCallback	16	static
../Core/Src/main.c:276:6:HAL_TIM_PeriodElapsedCallback	16	static
../Core/Src/main.c:310:6:HAL_ADC_ConvCpltCallback	16	static
../Core/Src/main.c:329:5:main	40	static
../Core/Src/main.c:790:6:SystemClock_Config	88	static
../Core/Src/main.c:837:13:MX_ADC1_Init	24	static
../Core/Src/main.c:889:13:MX_I2C1_Init	8	static
../Core/Src/main.c:923:13:MX_SPI1_Init	8	static
../Core/Src/main.c:961:13:MX_TIM2_Init	32	static
../Core/Src/main.c:1006:13:MX_TIM6_Init	16	static
../Core/Src/main.c:1044:13:MX_TIM7_Init	16	static
../Core/Src/main.c:1082:13:MX_TIM10_Init	8	static
../Core/Src/main.c:1113:13:MX_TIM11_Init	8	static
../Core/Src/main.c:1144:13:MX_UART4_Init	8	static
../Core/Src/main.c:1177:13:MX_USART2_UART_Init	8	static
../Core/Src/main.c:1210:13:MX_USART3_UART_Init	8	static
../Core/Src/main.c:1243:13:MX_USART6_UART_Init	8	static
../Core/Src/main.c:1276:13:MX_GPIO_Init	48	static
../Core/Src/main.c:1343:9:I2C_Testsensor	16	static
../Core/Src/main.c:1360:6:E220_CONFIG	40	static
../Core/Src/main.c:1399:7:BME280_Get_Altitude	16	static
../Core/Src/main.c:1408:8:user_i2c_read	24	static
../Core/Src/main.c:1416:6:user_delay_ms	16	static
../Core/Src/main.c:1420:8:user_i2c_write	32	static
../Core/Src/main.c:1433:6:union_converter	64	static
../Core/Src/main.c:1511:6:EGU_Buff_Load	4	static
../Core/Src/main.c:1536:6:Buzzer	24	static
../Core/Src/main.c:1551:6:Altitude_Offset	16	static
../Core/Src/main.c:1564:6:Flash_toplu_temizleme	24	static
../Core/Src/main.c:1585:6:Error_Handler	4	static,ignoring_inline_asm
