../Core/Src/main.c:241:7:map	24	static
../Core/Src/main.c:246:6:HAL_UART_RxCpltCallback	16	static
../Core/Src/main.c:276:6:HAL_TIM_PeriodElapsedCallback	16	static
../Core/Src/main.c:310:6:HAL_ADC_ConvCpltCallback	16	static
../Core/Src/main.c:328:5:main	48	static
../Core/Src/main.c:832:6:SystemClock_Config	88	static
../Core/Src/main.c:879:13:MX_ADC1_Init	24	static
../Core/Src/main.c:931:13:MX_I2C1_Init	8	static
../Core/Src/main.c:965:13:MX_SPI1_Init	8	static
../Core/Src/main.c:1003:13:MX_TIM2_Init	32	static
../Core/Src/main.c:1048:13:MX_TIM6_Init	16	static
../Core/Src/main.c:1086:13:MX_TIM7_Init	16	static
../Core/Src/main.c:1124:13:MX_TIM10_Init	8	static
../Core/Src/main.c:1155:13:MX_TIM11_Init	8	static
../Core/Src/main.c:1186:13:MX_UART4_Init	8	static
../Core/Src/main.c:1219:13:MX_USART2_UART_Init	8	static
../Core/Src/main.c:1252:13:MX_USART3_UART_Init	8	static
../Core/Src/main.c:1285:13:MX_USART6_UART_Init	8	static
../Core/Src/main.c:1318:13:MX_GPIO_Init	48	static
../Core/Src/main.c:1385:9:I2C_Testsensor	16	static
../Core/Src/main.c:1402:6:E220_CONFIG	40	static
../Core/Src/main.c:1441:7:BME280_Get_Altitude	16	static
../Core/Src/main.c:1450:8:user_i2c_read	24	static
../Core/Src/main.c:1458:6:user_delay_ms	16	static
../Core/Src/main.c:1462:8:user_i2c_write	32	static
../Core/Src/main.c:1475:6:union_converter	64	static
../Core/Src/main.c:1553:6:EGU_Buff_Load	4	static
../Core/Src/main.c:1578:6:Buzzer	24	static
../Core/Src/main.c:1593:6:Altitude_Offset	16	static
../Core/Src/main.c:1606:6:Flash_toplu_temizleme	24	static
../Core/Src/main.c:1627:6:Error_Handler	4	static,ignoring_inline_asm
